<?xml version="1.0"?>
<link_info>
   <banner>TI ARM Linker PC v16.9.1.LTS</banner>
   <copyright>Copyright (c) 1996-2015 Texas Instruments Incorporated</copyright>
   <link_time>0x5dc15b87</link_time>
   <link_errors>0x0</link_errors>
   <output_file>Demo2019.out</output_file>
   <entry_point>
      <name>_c_int00</name>
      <address>0x3689</address>
   </entry_point>
   <input_file_list>
      <input_file id="fl-2">
         <path>.\</path>
         <kind>object</kind>
         <file>Demo2019.obj</file>
         <name>Demo2019.obj</name>
      </input_file>
      <input_file id="fl-3">
         <path>.\</path>
         <kind>object</kind>
         <file>tm4c123gh6pm_startup_ccs.obj</file>
         <name>tm4c123gh6pm_startup_ccs.obj</name>
      </input_file>
      <input_file id="fl-be">
         <path>C:\ti\ccsv7\tools\compiler\ti-cgt-arm_16.9.1.LTS\lib\</path>
         <kind>archive</kind>
         <file>rtsv7M4_T_le_v4SPD16_eabi.lib</file>
         <name>boot.obj</name>
      </input_file>
      <input_file id="fl-bf">
         <path>C:\ti\ccsv7\tools\compiler\ti-cgt-arm_16.9.1.LTS\lib\</path>
         <kind>archive</kind>
         <file>rtsv7M4_T_le_v4SPD16_eabi.lib</file>
         <name>copy_decompress_lzss.obj</name>
      </input_file>
      <input_file id="fl-c0">
         <path>C:\ti\ccsv7\tools\compiler\ti-cgt-arm_16.9.1.LTS\lib\</path>
         <kind>archive</kind>
         <file>rtsv7M4_T_le_v4SPD16_eabi.lib</file>
         <name>copy_decompress_none.obj</name>
      </input_file>
      <input_file id="fl-c1">
         <path>C:\ti\ccsv7\tools\compiler\ti-cgt-arm_16.9.1.LTS\lib\</path>
         <kind>archive</kind>
         <file>rtsv7M4_T_le_v4SPD16_eabi.lib</file>
         <name>copy_zero_init.obj</name>
      </input_file>
      <input_file id="fl-c2">
         <path>C:\ti\ccsv7\tools\compiler\ti-cgt-arm_16.9.1.LTS\lib\</path>
         <kind>archive</kind>
         <file>rtsv7M4_T_le_v4SPD16_eabi.lib</file>
         <name>exit.obj</name>
      </input_file>
      <input_file id="fl-c3">
         <path>C:\ti\ccsv7\tools\compiler\ti-cgt-arm_16.9.1.LTS\lib\</path>
         <kind>archive</kind>
         <file>rtsv7M4_T_le_v4SPD16_eabi.lib</file>
         <name>fd_add_t2.obj</name>
      </input_file>
      <input_file id="fl-c4">
         <path>C:\ti\ccsv7\tools\compiler\ti-cgt-arm_16.9.1.LTS\lib\</path>
         <kind>archive</kind>
         <file>rtsv7M4_T_le_v4SPD16_eabi.lib</file>
         <name>fd_cmp_t2.obj</name>
      </input_file>
      <input_file id="fl-c5">
         <path>C:\ti\ccsv7\tools\compiler\ti-cgt-arm_16.9.1.LTS\lib\</path>
         <kind>archive</kind>
         <file>rtsv7M4_T_le_v4SPD16_eabi.lib</file>
         <name>fd_div_t2.obj</name>
      </input_file>
      <input_file id="fl-c6">
         <path>C:\ti\ccsv7\tools\compiler\ti-cgt-arm_16.9.1.LTS\lib\</path>
         <kind>archive</kind>
         <file>rtsv7M4_T_le_v4SPD16_eabi.lib</file>
         <name>fd_mul_t2.obj</name>
      </input_file>
      <input_file id="fl-c7">
         <path>C:\ti\ccsv7\tools\compiler\ti-cgt-arm_16.9.1.LTS\lib\</path>
         <kind>archive</kind>
         <file>rtsv7M4_T_le_v4SPD16_eabi.lib</file>
         <name>fd_toi_t2.obj</name>
      </input_file>
      <input_file id="fl-c8">
         <path>C:\ti\ccsv7\tools\compiler\ti-cgt-arm_16.9.1.LTS\lib\</path>
         <kind>archive</kind>
         <file>rtsv7M4_T_le_v4SPD16_eabi.lib</file>
         <name>i_tofd_t2.obj</name>
      </input_file>
      <input_file id="fl-c9">
         <path>C:\ti\ccsv7\tools\compiler\ti-cgt-arm_16.9.1.LTS\lib\</path>
         <kind>archive</kind>
         <file>rtsv7M4_T_le_v4SPD16_eabi.lib</file>
         <name>memcpy_t2.obj</name>
      </input_file>
      <input_file id="fl-ca">
         <path>C:\ti\ccsv7\tools\compiler\ti-cgt-arm_16.9.1.LTS\lib\</path>
         <kind>archive</kind>
         <file>rtsv7M4_T_le_v4SPD16_eabi.lib</file>
         <name>memset_t2.obj</name>
      </input_file>
      <input_file id="fl-cb">
         <path>C:\ti\ccsv7\tools\compiler\ti-cgt-arm_16.9.1.LTS\lib\</path>
         <kind>archive</kind>
         <file>rtsv7M4_T_le_v4SPD16_eabi.lib</file>
         <name>mpu_init.obj</name>
      </input_file>
      <input_file id="fl-cc">
         <path>C:\ti\ccsv7\tools\compiler\ti-cgt-arm_16.9.1.LTS\lib\</path>
         <kind>archive</kind>
         <file>rtsv7M4_T_le_v4SPD16_eabi.lib</file>
         <name>pre_init.obj</name>
      </input_file>
      <input_file id="fl-cd">
         <path>C:\ti\ccsv7\tools\compiler\ti-cgt-arm_16.9.1.LTS\lib\</path>
         <kind>archive</kind>
         <file>rtsv7M4_T_le_v4SPD16_eabi.lib</file>
         <name>s_cos.obj</name>
      </input_file>
      <input_file id="fl-ce">
         <path>C:\ti\ccsv7\tools\compiler\ti-cgt-arm_16.9.1.LTS\lib\</path>
         <kind>archive</kind>
         <file>rtsv7M4_T_le_v4SPD16_eabi.lib</file>
         <name>s_sin.obj</name>
      </input_file>
      <input_file id="fl-cf">
         <path>C:\ti\ccsv7\tools\compiler\ti-cgt-arm_16.9.1.LTS\lib\</path>
         <kind>archive</kind>
         <file>rtsv7M4_T_le_v4SPD16_eabi.lib</file>
         <name>stkdepth_vars.obj</name>
      </input_file>
      <input_file id="fl-d0">
         <path>C:\ti\ccsv7\tools\compiler\ti-cgt-arm_16.9.1.LTS\lib\</path>
         <kind>archive</kind>
         <file>rtsv7M4_T_le_v4SPD16_eabi.lib</file>
         <name>_lock.obj</name>
      </input_file>
      <input_file id="fl-d1">
         <path>C:\ti\ccsv7\tools\compiler\ti-cgt-arm_16.9.1.LTS\lib\</path>
         <kind>archive</kind>
         <file>rtsv7M4_T_le_v4SPD16_eabi.lib</file>
         <name>args_main.obj</name>
      </input_file>
      <input_file id="fl-d2">
         <path>C:\ti\ccsv7\tools\compiler\ti-cgt-arm_16.9.1.LTS\lib\</path>
         <kind>archive</kind>
         <file>rtsv7M4_T_le_v4SPD16_eabi.lib</file>
         <name>autoinit.obj</name>
      </input_file>
      <input_file id="fl-d3">
         <path>C:\ti\ccsv7\tools\compiler\ti-cgt-arm_16.9.1.LTS\lib\</path>
         <kind>archive</kind>
         <file>rtsv7M4_T_le_v4SPD16_eabi.lib</file>
         <name>cpy_tbl.obj</name>
      </input_file>
      <input_file id="fl-d4">
         <path>C:\ti\ccsv7\tools\compiler\ti-cgt-arm_16.9.1.LTS\lib\</path>
         <kind>archive</kind>
         <file>rtsv7M4_T_le_v4SPD16_eabi.lib</file>
         <name>k_cos.obj</name>
      </input_file>
      <input_file id="fl-d5">
         <path>C:\ti\ccsv7\tools\compiler\ti-cgt-arm_16.9.1.LTS\lib\</path>
         <kind>archive</kind>
         <file>rtsv7M4_T_le_v4SPD16_eabi.lib</file>
         <name>k_rem_pio2.obj</name>
      </input_file>
      <input_file id="fl-d6">
         <path>C:\ti\ccsv7\tools\compiler\ti-cgt-arm_16.9.1.LTS\lib\</path>
         <kind>archive</kind>
         <file>rtsv7M4_T_le_v4SPD16_eabi.lib</file>
         <name>k_sin.obj</name>
      </input_file>
      <input_file id="fl-d7">
         <path>C:\ti\ccsv7\tools\compiler\ti-cgt-arm_16.9.1.LTS\lib\</path>
         <kind>archive</kind>
         <file>rtsv7M4_T_le_v4SPD16_eabi.lib</file>
         <name>s_floor.obj</name>
      </input_file>
      <input_file id="fl-d8">
         <path>C:\ti\ccsv7\tools\compiler\ti-cgt-arm_16.9.1.LTS\lib\</path>
         <kind>archive</kind>
         <file>rtsv7M4_T_le_v4SPD16_eabi.lib</file>
         <name>s_scalbn.obj</name>
      </input_file>
      <input_file id="fl-d9">
         <path>C:\ti\ccsv7\tools\compiler\ti-cgt-arm_16.9.1.LTS\lib\</path>
         <kind>archive</kind>
         <file>rtsv7M4_T_le_v4SPD16_eabi.lib</file>
         <name>startup.obj</name>
      </input_file>
      <input_file id="fl-da">
         <path>C:\ti\ccsv7\tools\compiler\ti-cgt-arm_16.9.1.LTS\lib\</path>
         <kind>archive</kind>
         <file>rtsv7M4_T_le_v4SPD16_eabi.lib</file>
         <name>errno.obj</name>
      </input_file>
      <input_file id="fl-db">
         <path>C:\ti\ccsv7\tools\compiler\ti-cgt-arm_16.9.1.LTS\lib\</path>
         <kind>archive</kind>
         <file>rtsv7M4_T_le_v4SPD16_eabi.lib</file>
         <name>s_copysign.obj</name>
      </input_file>
      <input_file id="fl-dc">
         <path>C:\ti\ccsv7\tools\compiler\ti-cgt-arm_16.9.1.LTS\lib\</path>
         <kind>archive</kind>
         <file>driverlib.lib</file>
         <name>gpio.o</name>
      </input_file>
      <input_file id="fl-dd">
         <path>C:\ti\ccsv7\tools\compiler\ti-cgt-arm_16.9.1.LTS\lib\</path>
         <kind>archive</kind>
         <file>driverlib.lib</file>
         <name>interrupt.o</name>
      </input_file>
      <input_file id="fl-de">
         <path>C:\ti\ccsv7\tools\compiler\ti-cgt-arm_16.9.1.LTS\lib\</path>
         <kind>archive</kind>
         <file>driverlib.lib</file>
         <name>pwm.o</name>
      </input_file>
      <input_file id="fl-df">
         <path>C:\ti\ccsv7\tools\compiler\ti-cgt-arm_16.9.1.LTS\lib\</path>
         <kind>archive</kind>
         <file>driverlib.lib</file>
         <name>qei.o</name>
      </input_file>
      <input_file id="fl-e0">
         <path>C:\ti\ccsv7\tools\compiler\ti-cgt-arm_16.9.1.LTS\lib\</path>
         <kind>archive</kind>
         <file>driverlib.lib</file>
         <name>sysctl.o</name>
      </input_file>
      <input_file id="fl-e1">
         <path>C:\ti\ccsv7\tools\compiler\ti-cgt-arm_16.9.1.LTS\lib\</path>
         <kind>archive</kind>
         <file>driverlib.lib</file>
         <name>timer.o</name>
      </input_file>
      <input_file id="fl-e2">
         <path>C:\ti\ccsv7\tools\compiler\ti-cgt-arm_16.9.1.LTS\lib\</path>
         <kind>archive</kind>
         <file>driverlib.lib</file>
         <name>uart.o</name>
      </input_file>
      <input_file id="fl-e3">
         <path>C:\ti\ccsv7\tools\compiler\ti-cgt-arm_16.9.1.LTS\lib\</path>
         <kind>archive</kind>
         <file>driverlib.lib</file>
         <name>cpu.o</name>
      </input_file>
   </input_file_list>
   <object_component_list>
      <object_component id="oc-f">
         <name>.intvecs</name>
         <load_address>0x0</load_address>
         <run_address>0x0</run_address>
         <size>0x26c</size>
         <input_file_ref idref="fl-3"/>
      </object_component>
      <object_component id="oc-31">
         <name>.text</name>
         <load_address>0x26c</load_address>
         <run_address>0x26c</run_address>
         <size>0x1588</size>
         <input_file_ref idref="fl-2"/>
      </object_component>
      <object_component id="oc-224">
         <name>.text</name>
         <load_address>0x17f4</load_address>
         <run_address>0x17f4</run_address>
         <size>0x738</size>
         <input_file_ref idref="fl-d5"/>
      </object_component>
      <object_component id="oc-15b">
         <name>.text</name>
         <load_address>0x1f2c</load_address>
         <run_address>0x1f2c</run_address>
         <size>0x5dc</size>
         <input_file_ref idref="fl-cd"/>
      </object_component>
      <object_component id="oc-163">
         <name>.text</name>
         <load_address>0x2508</load_address>
         <run_address>0x2508</run_address>
         <size>0x5c4</size>
         <input_file_ref idref="fl-ce"/>
      </object_component>
      <object_component id="oc-148">
         <name>.text</name>
         <load_address>0x2acc</load_address>
         <run_address>0x2acc</run_address>
         <size>0x1b6</size>
         <input_file_ref idref="fl-c3"/>
      </object_component>
      <object_component id="oc-5d">
         <name>.text</name>
         <load_address>0x2c82</load_address>
         <run_address>0x2c82</run_address>
         <size>0x2</size>
         <input_file_ref idref="fl-cb"/>
      </object_component>
      <object_component id="oc-22a">
         <name>.text</name>
         <load_address>0x2c84</load_address>
         <run_address>0x2c84</run_address>
         <size>0x174</size>
         <input_file_ref idref="fl-d6"/>
      </object_component>
      <object_component id="oc-21e">
         <name>.text</name>
         <load_address>0x2df8</load_address>
         <run_address>0x2df8</run_address>
         <size>0x16c</size>
         <input_file_ref idref="fl-d4"/>
      </object_component>
      <object_component id="oc-14d">
         <name>.text</name>
         <load_address>0x2f64</load_address>
         <run_address>0x2f64</run_address>
         <size>0x136</size>
         <input_file_ref idref="fl-c5"/>
      </object_component>
      <object_component id="oc-143">
         <name>.text</name>
         <load_address>0x309a</load_address>
         <run_address>0x309a</run_address>
         <size>0xfc</size>
         <input_file_ref idref="fl-c6"/>
      </object_component>
      <object_component id="oc-1c6">
         <name>.text</name>
         <load_address>0x3196</load_address>
         <run_address>0x3196</run_address>
         <size>0x2</size>
         <input_file_ref idref="fl-d9"/>
      </object_component>
      <object_component id="oc-26c">
         <name>.text</name>
         <load_address>0x3198</load_address>
         <run_address>0x3198</run_address>
         <size>0xfc</size>
         <input_file_ref idref="fl-d8"/>
      </object_component>
      <object_component id="oc-272">
         <name>.text</name>
         <load_address>0x3294</load_address>
         <run_address>0x3294</run_address>
         <size>0xf8</size>
         <input_file_ref idref="fl-d7"/>
      </object_component>
      <object_component id="oc-45">
         <name>.text</name>
         <load_address>0x338c</load_address>
         <run_address>0x338c</run_address>
         <size>0x9c</size>
         <input_file_ref idref="fl-c9"/>
      </object_component>
      <object_component id="oc-139">
         <name>.text:__aeabi_cdcmple</name>
         <load_address>0x3428</load_address>
         <run_address>0x3428</run_address>
         <size>0x86</size>
         <input_file_ref idref="fl-c4"/>
      </object_component>
      <object_component id="oc-152">
         <name>.text:__aeabi_cdrcmple</name>
         <load_address>0x34ae</load_address>
         <run_address>0x34ae</run_address>
         <size>0x86</size>
         <input_file_ref idref="fl-c4"/>
      </object_component>
      <object_component id="oc-51">
         <name>.text</name>
         <load_address>0x3534</load_address>
         <run_address>0x3534</run_address>
         <size>0x7a</size>
         <input_file_ref idref="fl-ca"/>
      </object_component>
      <object_component id="oc-69">
         <name>.text</name>
         <load_address>0x35b0</load_address>
         <run_address>0x35b0</run_address>
         <size>0x70</size>
         <input_file_ref idref="fl-d2"/>
      </object_component>
      <object_component id="oc-12">
         <name>.text:decompress:lzss</name>
         <load_address>0x3620</load_address>
         <run_address>0x3620</run_address>
         <size>0x68</size>
         <input_file_ref idref="fl-bf"/>
      </object_component>
      <object_component id="oc-24">
         <name>.text</name>
         <load_address>0x3688</load_address>
         <run_address>0x3688</run_address>
         <size>0x54</size>
         <input_file_ref idref="fl-be"/>
      </object_component>
      <object_component id="oc-75">
         <name>.text</name>
         <load_address>0x36dc</load_address>
         <run_address>0x36dc</run_address>
         <size>0x54</size>
         <input_file_ref idref="fl-c2"/>
      </object_component>
      <object_component id="oc-1c0">
         <name>.text</name>
         <load_address>0x3730</load_address>
         <run_address>0x3730</run_address>
         <size>0x4c</size>
         <input_file_ref idref="fl-d3"/>
      </object_component>
      <object_component id="oc-16b">
         <name>.text</name>
         <load_address>0x377c</load_address>
         <run_address>0x377c</run_address>
         <size>0x48</size>
         <input_file_ref idref="fl-c7"/>
      </object_component>
      <object_component id="oc-13e">
         <name>.text</name>
         <load_address>0x37c4</load_address>
         <run_address>0x37c4</run_address>
         <size>0x2e</size>
         <input_file_ref idref="fl-c8"/>
      </object_component>
      <object_component id="oc-6f">
         <name>.text</name>
         <load_address>0x37f4</load_address>
         <run_address>0x37f4</run_address>
         <size>0x18</size>
         <input_file_ref idref="fl-d1"/>
      </object_component>
      <object_component id="oc-258">
         <name>.text</name>
         <load_address>0x380c</load_address>
         <run_address>0x380c</run_address>
         <size>0x14</size>
         <input_file_ref idref="fl-d0"/>
      </object_component>
      <object_component id="oc-29a">
         <name>.text</name>
         <load_address>0x3820</load_address>
         <run_address>0x3820</run_address>
         <size>0x14</size>
         <input_file_ref idref="fl-db"/>
      </object_component>
      <object_component id="oc-18">
         <name>.text:decompress:none</name>
         <load_address>0x3834</load_address>
         <run_address>0x3834</run_address>
         <size>0xe</size>
         <input_file_ref idref="fl-c0"/>
      </object_component>
      <object_component id="oc-1e">
         <name>.text:decompress:ZI</name>
         <load_address>0x3842</load_address>
         <run_address>0x3842</run_address>
         <size>0xc</size>
         <input_file_ref idref="fl-c1"/>
      </object_component>
      <object_component id="oc-2b">
         <name>.text</name>
         <load_address>0x384e</load_address>
         <run_address>0x384e</run_address>
         <size>0xc</size>
         <input_file_ref idref="fl-3"/>
      </object_component>
      <object_component id="oc-63">
         <name>.text</name>
         <load_address>0x385a</load_address>
         <run_address>0x385a</run_address>
         <size>0x4</size>
         <input_file_ref idref="fl-cc"/>
      </object_component>
      <object_component id="oc-352">
         <name>.tramp.QEIVelocityGet.1</name>
         <load_address>0x3860</load_address>
         <run_address>0x3860</run_address>
         <size>0x8</size>
         <input_file_ref idref="fl-df"/>
      </object_component>
      <object_component id="oc-351">
         <name>.tramp.QEIPositionGet.1</name>
         <load_address>0x3868</load_address>
         <run_address>0x3868</run_address>
         <size>0x8</size>
         <input_file_ref idref="fl-df"/>
      </object_component>
      <object_component id="oc-350">
         <name>.tramp.TimerIntClear.1</name>
         <load_address>0x3870</load_address>
         <run_address>0x3870</run_address>
         <size>0x8</size>
         <input_file_ref idref="fl-e1"/>
      </object_component>
      <object_component id="oc-34f">
         <name>.tramp.UARTCharGet.1</name>
         <load_address>0x3878</load_address>
         <run_address>0x3878</run_address>
         <size>0x8</size>
         <input_file_ref idref="fl-e2"/>
      </object_component>
      <object_component id="oc-34e">
         <name>.tramp.GPIOPinWrite.1</name>
         <load_address>0x3880</load_address>
         <run_address>0x3880</run_address>
         <size>0x8</size>
         <input_file_ref idref="fl-dc"/>
      </object_component>
      <object_component id="oc-34d">
         <name>.tramp.UARTCharPut.1</name>
         <load_address>0x3888</load_address>
         <run_address>0x3888</run_address>
         <size>0x8</size>
         <input_file_ref idref="fl-e2"/>
      </object_component>
      <object_component id="oc-34c">
         <name>.tramp.SysCtlDelay.1</name>
         <load_address>0x3890</load_address>
         <run_address>0x3890</run_address>
         <size>0x8</size>
         <input_file_ref idref="fl-e0"/>
      </object_component>
      <object_component id="oc-34b">
         <name>.tramp.TimerEnable.1</name>
         <load_address>0x3898</load_address>
         <run_address>0x3898</run_address>
         <size>0x8</size>
         <input_file_ref idref="fl-e1"/>
      </object_component>
      <object_component id="oc-34a">
         <name>.tramp.IntMasterEnable.1</name>
         <load_address>0x38a0</load_address>
         <run_address>0x38a0</run_address>
         <size>0x8</size>
         <input_file_ref idref="fl-dd"/>
      </object_component>
      <object_component id="oc-349">
         <name>.tramp.TimerIntEnable.1</name>
         <load_address>0x38a8</load_address>
         <run_address>0x38a8</run_address>
         <size>0x8</size>
         <input_file_ref idref="fl-e1"/>
      </object_component>
      <object_component id="oc-348">
         <name>.tramp.IntEnable.1</name>
         <load_address>0x38b0</load_address>
         <run_address>0x38b0</run_address>
         <size>0x8</size>
         <input_file_ref idref="fl-dd"/>
      </object_component>
      <object_component id="oc-347">
         <name>.tramp.TimerLoadSet.1</name>
         <load_address>0x38b8</load_address>
         <run_address>0x38b8</run_address>
         <size>0x8</size>
         <input_file_ref idref="fl-e1"/>
      </object_component>
      <object_component id="oc-346">
         <name>.tramp.TimerConfigure.1</name>
         <load_address>0x38c0</load_address>
         <run_address>0x38c0</run_address>
         <size>0x8</size>
         <input_file_ref idref="fl-e1"/>
      </object_component>
      <object_component id="oc-345">
         <name>.tramp.PWMGenEnable.1</name>
         <load_address>0x38c8</load_address>
         <run_address>0x38c8</run_address>
         <size>0x8</size>
         <input_file_ref idref="fl-de"/>
      </object_component>
      <object_component id="oc-344">
         <name>.tramp.PWMOutputState.1</name>
         <load_address>0x38d0</load_address>
         <run_address>0x38d0</run_address>
         <size>0x8</size>
         <input_file_ref idref="fl-de"/>
      </object_component>
      <object_component id="oc-343">
         <name>.tramp.PWMPulseWidthSet.1</name>
         <load_address>0x38d8</load_address>
         <run_address>0x38d8</run_address>
         <size>0x8</size>
         <input_file_ref idref="fl-de"/>
      </object_component>
      <object_component id="oc-342">
         <name>.tramp.PWMGenPeriodSet.1</name>
         <load_address>0x38e0</load_address>
         <run_address>0x38e0</run_address>
         <size>0x8</size>
         <input_file_ref idref="fl-de"/>
      </object_component>
      <object_component id="oc-341">
         <name>.tramp.PWMGenConfigure.1</name>
         <load_address>0x38e8</load_address>
         <run_address>0x38e8</run_address>
         <size>0x8</size>
         <input_file_ref idref="fl-de"/>
      </object_component>
      <object_component id="oc-340">
         <name>.tramp.GPIOPinTypePWM.1</name>
         <load_address>0x38f0</load_address>
         <run_address>0x38f0</run_address>
         <size>0x8</size>
         <input_file_ref idref="fl-dc"/>
      </object_component>
      <object_component id="oc-33f">
         <name>.tramp.SysCtlPWMClockSet.1</name>
         <load_address>0x38f8</load_address>
         <run_address>0x38f8</run_address>
         <size>0x8</size>
         <input_file_ref idref="fl-e0"/>
      </object_component>
      <object_component id="oc-33e">
         <name>.tramp.QEIPositionSet.1</name>
         <load_address>0x3900</load_address>
         <run_address>0x3900</run_address>
         <size>0x8</size>
         <input_file_ref idref="fl-df"/>
      </object_component>
      <object_component id="oc-33d">
         <name>.tramp.QEIEnable.1</name>
         <load_address>0x3908</load_address>
         <run_address>0x3908</run_address>
         <size>0x8</size>
         <input_file_ref idref="fl-df"/>
      </object_component>
      <object_component id="oc-33c">
         <name>.tramp.QEIVelocityEnable.1</name>
         <load_address>0x3910</load_address>
         <run_address>0x3910</run_address>
         <size>0x8</size>
         <input_file_ref idref="fl-df"/>
      </object_component>
      <object_component id="oc-33b">
         <name>.tramp.QEIVelocityConfigure.1</name>
         <load_address>0x3918</load_address>
         <run_address>0x3918</run_address>
         <size>0x8</size>
         <input_file_ref idref="fl-df"/>
      </object_component>
      <object_component id="oc-33a">
         <name>.tramp.QEIVelocityDisable.1</name>
         <load_address>0x3920</load_address>
         <run_address>0x3920</run_address>
         <size>0x8</size>
         <input_file_ref idref="fl-df"/>
      </object_component>
      <object_component id="oc-339">
         <name>.tramp.QEIConfigure.1</name>
         <load_address>0x3928</load_address>
         <run_address>0x3928</run_address>
         <size>0x8</size>
         <input_file_ref idref="fl-df"/>
      </object_component>
      <object_component id="oc-338">
         <name>.tramp.QEIIntDisable.1</name>
         <load_address>0x3930</load_address>
         <run_address>0x3930</run_address>
         <size>0x8</size>
         <input_file_ref idref="fl-df"/>
      </object_component>
      <object_component id="oc-337">
         <name>.tramp.QEIDisable.1</name>
         <load_address>0x3938</load_address>
         <run_address>0x3938</run_address>
         <size>0x8</size>
         <input_file_ref idref="fl-df"/>
      </object_component>
      <object_component id="oc-336">
         <name>.tramp.GPIOPinTypeQEI.1</name>
         <load_address>0x3940</load_address>
         <run_address>0x3940</run_address>
         <size>0x8</size>
         <input_file_ref idref="fl-dc"/>
      </object_component>
      <object_component id="oc-335">
         <name>.tramp.GPIOPinTypeGPIOInput.1</name>
         <load_address>0x3948</load_address>
         <run_address>0x3948</run_address>
         <size>0x8</size>
         <input_file_ref idref="fl-dc"/>
      </object_component>
      <object_component id="oc-334">
         <name>.tramp.GPIOPinTypeGPIOOutput.1</name>
         <load_address>0x3950</load_address>
         <run_address>0x3950</run_address>
         <size>0x8</size>
         <input_file_ref idref="fl-dc"/>
      </object_component>
      <object_component id="oc-333">
         <name>.tramp.GPIOPadConfigSet.1</name>
         <load_address>0x3958</load_address>
         <run_address>0x3958</run_address>
         <size>0x8</size>
         <input_file_ref idref="fl-dc"/>
      </object_component>
      <object_component id="oc-332">
         <name>.tramp.GPIODirModeSet.1</name>
         <load_address>0x3960</load_address>
         <run_address>0x3960</run_address>
         <size>0x8</size>
         <input_file_ref idref="fl-dc"/>
      </object_component>
      <object_component id="oc-331">
         <name>.tramp.UARTConfigSetExpClk.1</name>
         <load_address>0x3968</load_address>
         <run_address>0x3968</run_address>
         <size>0x8</size>
         <input_file_ref idref="fl-e2"/>
      </object_component>
      <object_component id="oc-330">
         <name>.tramp.SysCtlClockGet.1</name>
         <load_address>0x3970</load_address>
         <run_address>0x3970</run_address>
         <size>0x8</size>
         <input_file_ref idref="fl-e0"/>
      </object_component>
      <object_component id="oc-32f">
         <name>.tramp.GPIOPinTypeUART.1</name>
         <load_address>0x3978</load_address>
         <run_address>0x3978</run_address>
         <size>0x8</size>
         <input_file_ref idref="fl-dc"/>
      </object_component>
      <object_component id="oc-32e">
         <name>.tramp.GPIOPinConfigure.1</name>
         <load_address>0x3980</load_address>
         <run_address>0x3980</run_address>
         <size>0x8</size>
         <input_file_ref idref="fl-dc"/>
      </object_component>
      <object_component id="oc-32d">
         <name>.tramp.SysCtlPeripheralEnable.1</name>
         <load_address>0x3988</load_address>
         <run_address>0x3988</run_address>
         <size>0x8</size>
         <input_file_ref idref="fl-e0"/>
      </object_component>
      <object_component id="oc-32c">
         <name>.tramp.SysCtlClockSet.1</name>
         <load_address>0x3990</load_address>
         <run_address>0x3990</run_address>
         <size>0x8</size>
         <input_file_ref idref="fl-e0"/>
      </object_component>
      <object_component id="oc-278">
         <name>.const:$O1$$</name>
         <load_address>0x3998</load_address>
         <run_address>0x3998</run_address>
         <size>0x158</size>
         <input_file_ref idref="fl-d5"/>
      </object_component>
      <object_component id="oc-329">
         <name>.cinit..data.load</name>
         <load_address>0x47f0</load_address>
         <run_address>0x47f0</run_address>
         <size>0x17</size>
      </object_component>
      <object_component id="oc-327">
         <name>__TI_handler_table</name>
         <load_address>0x4808</load_address>
         <run_address>0x4808</run_address>
         <size>0xc</size>
      </object_component>
      <object_component id="oc-32a">
         <name>.cinit..bss.load</name>
         <load_address>0x4818</load_address>
         <run_address>0x4818</run_address>
         <size>0x8</size>
      </object_component>
      <object_component id="oc-328">
         <name>__TI_cinit_table</name>
         <load_address>0x4820</load_address>
         <run_address>0x4820</run_address>
         <size>0x10</size>
      </object_component>
      <object_component id="oc-133">
         <name>.data</name>
         <load_address>0x200005f8</load_address>
         <run_address>0x200005f8</run_address>
         <size>0x10</size>
         <input_file_ref idref="fl-2"/>
      </object_component>
      <object_component id="oc-1d0">
         <name>.data:$O1$$</name>
         <load_address>0x20000608</load_address>
         <run_address>0x20000608</run_address>
         <size>0xc</size>
         <input_file_ref idref="fl-c2"/>
      </object_component>
      <object_component id="oc-7b">
         <name>.data</name>
         <load_address>0x20000620</load_address>
         <run_address>0x20000620</run_address>
         <size>0x4</size>
         <input_file_ref idref="fl-cf"/>
      </object_component>
      <object_component id="oc-1d3">
         <name>.data:$O1$$</name>
         <load_address>0x20000614</load_address>
         <run_address>0x20000614</run_address>
         <size>0x8</size>
         <input_file_ref idref="fl-d0"/>
      </object_component>
      <object_component id="oc-2a0">
         <name>.data</name>
         <load_address>0x2000061c</load_address>
         <run_address>0x2000061c</run_address>
         <size>0x4</size>
         <input_file_ref idref="fl-da"/>
      </object_component>
      <object_component id="oc-173">
         <name>.common:x</name>
         <uninitialized>true</uninitialized>
         <run_address>0x200003f0</run_address>
         <size>0x4</size>
      </object_component>
      <object_component id="oc-174">
         <name>.common:y</name>
         <uninitialized>true</uninitialized>
         <run_address>0x200003f4</run_address>
         <size>0x4</size>
      </object_component>
      <object_component id="oc-15a">
         <name>.common:stepL</name>
         <uninitialized>true</uninitialized>
         <run_address>0x200003e4</run_address>
         <size>0x4</size>
      </object_component>
      <object_component id="oc-162">
         <name>.common:stepR</name>
         <uninitialized>true</uninitialized>
         <run_address>0x200003e8</run_address>
         <size>0x4</size>
      </object_component>
      <object_component id="oc-158">
         <name>.common:lastL</name>
         <uninitialized>true</uninitialized>
         <run_address>0x200003c8</run_address>
         <size>0x4</size>
      </object_component>
      <object_component id="oc-159">
         <name>.common:lastR</name>
         <uninitialized>true</uninitialized>
         <run_address>0x200003cc</run_address>
         <size>0x4</size>
      </object_component>
      <object_component id="oc-16a">
         <name>.common:l1</name>
         <uninitialized>true</uninitialized>
         <run_address>0x20000360</run_address>
         <size>0x8</size>
      </object_component>
      <object_component id="oc-169">
         <name>.common:l2</name>
         <uninitialized>true</uninitialized>
         <run_address>0x20000368</run_address>
         <size>0x8</size>
      </object_component>
      <object_component id="oc-161">
         <name>.common:theta</name>
         <uninitialized>true</uninitialized>
         <run_address>0x20000390</run_address>
         <size>0x8</size>
      </object_component>
      <object_component id="oc-170">
         <name>.common:tmptheta</name>
         <uninitialized>true</uninitialized>
         <run_address>0x20000398</run_address>
         <size>0x8</size>
      </object_component>
      <object_component id="oc-171">
         <name>.common:tmpx</name>
         <uninitialized>true</uninitialized>
         <run_address>0x200003a0</run_address>
         <size>0x8</size>
      </object_component>
      <object_component id="oc-172">
         <name>.common:tmpy</name>
         <uninitialized>true</uninitialized>
         <run_address>0x200003a8</run_address>
         <size>0x8</size>
      </object_component>
      <object_component id="oc-18f">
         <name>.common:deltaLeft</name>
         <uninitialized>true</uninitialized>
         <run_address>0x20000330</run_address>
         <size>0x8</size>
      </object_component>
      <object_component id="oc-191">
         <name>.common:diffLeft</name>
         <uninitialized>true</uninitialized>
         <run_address>0x20000350</run_address>
         <size>0x8</size>
      </object_component>
      <object_component id="oc-193">
         <name>.common:diff2Left</name>
         <uninitialized>true</uninitialized>
         <run_address>0x20000340</run_address>
         <size>0x8</size>
      </object_component>
      <object_component id="oc-190">
         <name>.common:lastLeft</name>
         <uninitialized>true</uninitialized>
         <run_address>0x20000380</run_address>
         <size>0x8</size>
      </object_component>
      <object_component id="oc-192">
         <name>.common:last2Left</name>
         <uninitialized>true</uninitialized>
         <run_address>0x20000370</run_address>
         <size>0x8</size>
      </object_component>
      <object_component id="oc-194">
         <name>.common:accuLeft</name>
         <uninitialized>true</uninitialized>
         <run_address>0x20000320</run_address>
         <size>0x8</size>
      </object_component>
      <object_component id="oc-195">
         <name>.common:deltaRight</name>
         <uninitialized>true</uninitialized>
         <run_address>0x20000338</run_address>
         <size>0x8</size>
      </object_component>
      <object_component id="oc-197">
         <name>.common:diffRight</name>
         <uninitialized>true</uninitialized>
         <run_address>0x20000358</run_address>
         <size>0x8</size>
      </object_component>
      <object_component id="oc-199">
         <name>.common:diff2Right</name>
         <uninitialized>true</uninitialized>
         <run_address>0x20000348</run_address>
         <size>0x8</size>
      </object_component>
      <object_component id="oc-196">
         <name>.common:lastRight</name>
         <uninitialized>true</uninitialized>
         <run_address>0x20000388</run_address>
         <size>0x8</size>
      </object_component>
      <object_component id="oc-198">
         <name>.common:last2Right</name>
         <uninitialized>true</uninitialized>
         <run_address>0x20000378</run_address>
         <size>0x8</size>
      </object_component>
      <object_component id="oc-19a">
         <name>.common:accuRight</name>
         <uninitialized>true</uninitialized>
         <run_address>0x20000328</run_address>
         <size>0x8</size>
      </object_component>
      <object_component id="oc-136">
         <name>.common:qeiPositionL</name>
         <uninitialized>true</uninitialized>
         <run_address>0x200003d4</run_address>
         <size>0x4</size>
      </object_component>
      <object_component id="oc-138">
         <name>.common:qeiPositionR</name>
         <uninitialized>true</uninitialized>
         <run_address>0x200003d8</run_address>
         <size>0x4</size>
      </object_component>
      <object_component id="oc-18c">
         <name>.common:qeiVelocityL</name>
         <uninitialized>true</uninitialized>
         <run_address>0x200003dc</run_address>
         <size>0x4</size>
      </object_component>
      <object_component id="oc-18d">
         <name>.common:qeiVelocityR</name>
         <uninitialized>true</uninitialized>
         <run_address>0x200003e0</run_address>
         <size>0x4</size>
      </object_component>
      <object_component id="oc-18a">
         <name>.common:VL</name>
         <uninitialized>true</uninitialized>
         <run_address>0x20000000</run_address>
         <size>0x190</size>
      </object_component>
      <object_component id="oc-18b">
         <name>.common:VR</name>
         <uninitialized>true</uninitialized>
         <run_address>0x20000190</run_address>
         <size>0x190</size>
      </object_component>
      <object_component id="oc-189">
         <name>.common:vcnt</name>
         <uninitialized>true</uninitialized>
         <run_address>0x200003ec</run_address>
         <size>0x4</size>
      </object_component>
      <object_component id="oc-18e">
         <name>.common:intCnt</name>
         <uninitialized>true</uninitialized>
         <run_address>0x200003c4</run_address>
         <size>0x4</size>
      </object_component>
      <object_component id="oc-157">
         <name>.common:ms</name>
         <uninitialized>true</uninitialized>
         <run_address>0x200003d0</run_address>
         <size>0x4</size>
      </object_component>
      <object_component id="oc-137">
         <name>.common:Run</name>
         <uninitialized>true</uninitialized>
         <run_address>0x200003c0</run_address>
         <size>0x4</size>
      </object_component>
      <object_component id="oc-130">
         <name>.common:Load</name>
         <uninitialized>true</uninitialized>
         <run_address>0x200003b8</run_address>
         <size>0x4</size>
      </object_component>
      <object_component id="oc-12d">
         <name>.common:PWMClock</name>
         <uninitialized>true</uninitialized>
         <run_address>0x200003bc</run_address>
         <size>0x4</size>
      </object_component>
      <object_component id="oc-131">
         <name>.common:AdjustLeft</name>
         <uninitialized>true</uninitialized>
         <run_address>0x200003b0</run_address>
         <size>0x4</size>
      </object_component>
      <object_component id="oc-132">
         <name>.common:AdjustRight</name>
         <uninitialized>true</uninitialized>
         <run_address>0x200003b4</run_address>
         <size>0x4</size>
      </object_component>
      <object_component id="oc-2a">
         <name>.stack</name>
         <uninitialized>true</uninitialized>
         <run_address>0x200003f8</run_address>
         <size>0x0</size>
         <input_file_ref idref="fl-be"/>
      </object_component>
      <object_component id="oc-32b">
         <name>.stack</name>
         <uninitialized>true</uninitialized>
         <run_address>0x200003f8</run_address>
         <size>0x0</size>
      </object_component>
      <object_component id="oc-12e">
         <name>.debug_info</name>
         <load_address>0x0</load_address>
         <run_address>0x0</run_address>
         <size>0xf1e</size>
         <input_file_ref idref="fl-2"/>
      </object_component>
      <object_component id="oc-134">
         <name>.debug_info</name>
         <load_address>0xf1e</load_address>
         <run_address>0xf1e</run_address>
         <size>0x12d</size>
         <input_file_ref idref="fl-2"/>
      </object_component>
      <object_component id="oc-32">
         <name>.debug_info</name>
         <load_address>0x104b</load_address>
         <run_address>0x104b</run_address>
         <size>0x22e4</size>
         <input_file_ref idref="fl-2"/>
      </object_component>
      <object_component id="oc-1a1">
         <name>.debug_info</name>
         <load_address>0x332f</load_address>
         <run_address>0x332f</run_address>
         <size>0x8b</size>
         <input_file_ref idref="fl-2"/>
      </object_component>
      <object_component id="oc-19c">
         <name>.debug_info</name>
         <load_address>0x33ba</load_address>
         <run_address>0x33ba</run_address>
         <size>0x18b</size>
         <input_file_ref idref="fl-2"/>
      </object_component>
      <object_component id="oc-39">
         <name>.debug_info</name>
         <load_address>0x3545</load_address>
         <run_address>0x3545</run_address>
         <size>0x12d</size>
         <input_file_ref idref="fl-3"/>
      </object_component>
      <object_component id="oc-10">
         <name>.debug_info</name>
         <load_address>0x3672</load_address>
         <run_address>0x3672</run_address>
         <size>0xf0</size>
         <input_file_ref idref="fl-3"/>
      </object_component>
      <object_component id="oc-2c">
         <name>.debug_info</name>
         <load_address>0x3762</load_address>
         <run_address>0x3762</run_address>
         <size>0x26c</size>
         <input_file_ref idref="fl-3"/>
      </object_component>
      <object_component id="oc-40">
         <name>.debug_info</name>
         <load_address>0x39ce</load_address>
         <run_address>0x39ce</run_address>
         <size>0x84</size>
         <input_file_ref idref="fl-3"/>
      </object_component>
      <object_component id="oc-26">
         <name>.debug_info</name>
         <load_address>0x3a52</load_address>
         <run_address>0x3a52</run_address>
         <size>0x160</size>
         <input_file_ref idref="fl-be"/>
      </object_component>
      <object_component id="oc-1ad">
         <name>.debug_info</name>
         <load_address>0x3bb2</load_address>
         <run_address>0x3bb2</run_address>
         <size>0xf9</size>
         <input_file_ref idref="fl-bf"/>
      </object_component>
      <object_component id="oc-13">
         <name>.debug_info</name>
         <load_address>0x3cab</load_address>
         <run_address>0x3cab</run_address>
         <size>0x245</size>
         <input_file_ref idref="fl-bf"/>
      </object_component>
      <object_component id="oc-3b">
         <name>.debug_info</name>
         <load_address>0x3ef0</load_address>
         <run_address>0x3ef0</run_address>
         <size>0x60</size>
         <input_file_ref idref="fl-bf"/>
      </object_component>
      <object_component id="oc-1a8">
         <name>.debug_info</name>
         <load_address>0x3f50</load_address>
         <run_address>0x3f50</run_address>
         <size>0x46</size>
         <input_file_ref idref="fl-bf"/>
      </object_component>
      <object_component id="oc-50">
         <name>.debug_info</name>
         <load_address>0x3f96</load_address>
         <run_address>0x3f96</run_address>
         <size>0x140</size>
         <input_file_ref idref="fl-c0"/>
      </object_component>
      <object_component id="oc-19">
         <name>.debug_info</name>
         <load_address>0x40d6</load_address>
         <run_address>0x40d6</run_address>
         <size>0x1df</size>
         <input_file_ref idref="fl-c0"/>
      </object_component>
      <object_component id="oc-4b">
         <name>.debug_info</name>
         <load_address>0x42b5</load_address>
         <run_address>0x42b5</run_address>
         <size>0x46</size>
         <input_file_ref idref="fl-c0"/>
      </object_component>
      <object_component id="oc-1af">
         <name>.debug_info</name>
         <load_address>0x42fb</load_address>
         <run_address>0x42fb</run_address>
         <size>0x2c</size>
         <input_file_ref idref="fl-c0"/>
      </object_component>
      <object_component id="oc-5c">
         <name>.debug_info</name>
         <load_address>0x4327</load_address>
         <run_address>0x4327</run_address>
         <size>0x12f</size>
         <input_file_ref idref="fl-c1"/>
      </object_component>
      <object_component id="oc-1f">
         <name>.debug_info</name>
         <load_address>0x4456</load_address>
         <run_address>0x4456</run_address>
         <size>0x1aa</size>
         <input_file_ref idref="fl-c1"/>
      </object_component>
      <object_component id="oc-57">
         <name>.debug_info</name>
         <load_address>0x4600</load_address>
         <run_address>0x4600</run_address>
         <size>0x46</size>
         <input_file_ref idref="fl-c1"/>
      </object_component>
      <object_component id="oc-1b7">
         <name>.debug_info</name>
         <load_address>0x4646</load_address>
         <run_address>0x4646</run_address>
         <size>0x2c</size>
         <input_file_ref idref="fl-c1"/>
      </object_component>
      <object_component id="oc-1d7">
         <name>.debug_info</name>
         <load_address>0x4672</load_address>
         <run_address>0x4672</run_address>
         <size>0x234</size>
         <input_file_ref idref="fl-c2"/>
      </object_component>
      <object_component id="oc-1d1">
         <name>.debug_info</name>
         <load_address>0x48a6</load_address>
         <run_address>0x48a6</run_address>
         <size>0x185</size>
         <input_file_ref idref="fl-c2"/>
      </object_component>
      <object_component id="oc-76">
         <name>.debug_info</name>
         <load_address>0x4a2b</load_address>
         <run_address>0x4a2b</run_address>
         <size>0x214</size>
         <input_file_ref idref="fl-c2"/>
      </object_component>
      <object_component id="oc-149">
         <name>.debug_info</name>
         <load_address>0x4c3f</load_address>
         <run_address>0x4c3f</run_address>
         <size>0x144</size>
         <input_file_ref idref="fl-c3"/>
      </object_component>
      <object_component id="oc-13a">
         <name>.debug_info</name>
         <load_address>0x4d83</load_address>
         <run_address>0x4d83</run_address>
         <size>0x120</size>
         <input_file_ref idref="fl-c4"/>
      </object_component>
      <object_component id="oc-153">
         <name>.debug_info</name>
         <load_address>0x4ea3</load_address>
         <run_address>0x4ea3</run_address>
         <size>0x122</size>
         <input_file_ref idref="fl-c4"/>
      </object_component>
      <object_component id="oc-14e">
         <name>.debug_info</name>
         <load_address>0x4fc5</load_address>
         <run_address>0x4fc5</run_address>
         <size>0x132</size>
         <input_file_ref idref="fl-c5"/>
      </object_component>
      <object_component id="oc-144">
         <name>.debug_info</name>
         <load_address>0x50f7</load_address>
         <run_address>0x50f7</run_address>
         <size>0x132</size>
         <input_file_ref idref="fl-c6"/>
      </object_component>
      <object_component id="oc-16c">
         <name>.debug_info</name>
         <load_address>0x5229</load_address>
         <run_address>0x5229</run_address>
         <size>0x126</size>
         <input_file_ref idref="fl-c7"/>
      </object_component>
      <object_component id="oc-13f">
         <name>.debug_info</name>
         <load_address>0x534f</load_address>
         <run_address>0x534f</run_address>
         <size>0x124</size>
         <input_file_ref idref="fl-c8"/>
      </object_component>
      <object_component id="oc-46">
         <name>.debug_info</name>
         <load_address>0x5473</load_address>
         <run_address>0x5473</run_address>
         <size>0x111</size>
         <input_file_ref idref="fl-c9"/>
      </object_component>
      <object_component id="oc-52">
         <name>.debug_info</name>
         <load_address>0x5584</load_address>
         <run_address>0x5584</run_address>
         <size>0x13f</size>
         <input_file_ref idref="fl-ca"/>
      </object_component>
      <object_component id="oc-5e">
         <name>.debug_info</name>
         <load_address>0x56c3</load_address>
         <run_address>0x56c3</run_address>
         <size>0x138</size>
         <input_file_ref idref="fl-cb"/>
      </object_component>
      <object_component id="oc-64">
         <name>.debug_info</name>
         <load_address>0x57fb</load_address>
         <run_address>0x57fb</run_address>
         <size>0x148</size>
         <input_file_ref idref="fl-cc"/>
      </object_component>
      <object_component id="oc-231">
         <name>.debug_info</name>
         <load_address>0x5943</load_address>
         <run_address>0x5943</run_address>
         <size>0x20b</size>
         <input_file_ref idref="fl-cd"/>
      </object_component>
      <object_component id="oc-15c">
         <name>.debug_info</name>
         <load_address>0x5b4e</load_address>
         <run_address>0x5b4e</run_address>
         <size>0x790</size>
         <input_file_ref idref="fl-cd"/>
      </object_component>
      <object_component id="oc-232">
         <name>.debug_info</name>
         <load_address>0x62de</load_address>
         <run_address>0x62de</run_address>
         <size>0x39</size>
         <input_file_ref idref="fl-cd"/>
      </object_component>
      <object_component id="oc-238">
         <name>.debug_info</name>
         <load_address>0x6317</load_address>
         <run_address>0x6317</run_address>
         <size>0x20b</size>
         <input_file_ref idref="fl-ce"/>
      </object_component>
      <object_component id="oc-164">
         <name>.debug_info</name>
         <load_address>0x6522</load_address>
         <run_address>0x6522</run_address>
         <size>0x78b</size>
         <input_file_ref idref="fl-ce"/>
      </object_component>
      <object_component id="oc-7c">
         <name>.debug_info</name>
         <load_address>0x6cad</load_address>
         <run_address>0x6cad</run_address>
         <size>0x109</size>
         <input_file_ref idref="fl-cf"/>
      </object_component>
      <object_component id="oc-260">
         <name>.debug_info</name>
         <load_address>0x6db6</load_address>
         <run_address>0x6db6</run_address>
         <size>0x124</size>
         <input_file_ref idref="fl-d0"/>
      </object_component>
      <object_component id="oc-1d4">
         <name>.debug_info</name>
         <load_address>0x6eda</load_address>
         <run_address>0x6eda</run_address>
         <size>0x113</size>
         <input_file_ref idref="fl-d0"/>
      </object_component>
      <object_component id="oc-259">
         <name>.debug_info</name>
         <load_address>0x6fed</load_address>
         <run_address>0x6fed</run_address>
         <size>0x21f</size>
         <input_file_ref idref="fl-d0"/>
      </object_component>
      <object_component id="oc-1cf">
         <name>.debug_info</name>
         <load_address>0x720c</load_address>
         <run_address>0x720c</run_address>
         <size>0x166</size>
         <input_file_ref idref="fl-d1"/>
      </object_component>
      <object_component id="oc-71">
         <name>.debug_info</name>
         <load_address>0x7372</load_address>
         <run_address>0x7372</run_address>
         <size>0x167</size>
         <input_file_ref idref="fl-d1"/>
      </object_component>
      <object_component id="oc-251">
         <name>.debug_info</name>
         <load_address>0x74d9</load_address>
         <run_address>0x74d9</run_address>
         <size>0x5e</size>
         <input_file_ref idref="fl-d1"/>
      </object_component>
      <object_component id="oc-1cd">
         <name>.debug_info</name>
         <load_address>0x7537</load_address>
         <run_address>0x7537</run_address>
         <size>0x2e9</size>
         <input_file_ref idref="fl-d2"/>
      </object_component>
      <object_component id="oc-6a">
         <name>.debug_info</name>
         <load_address>0x7820</load_address>
         <run_address>0x7820</run_address>
         <size>0x190</size>
         <input_file_ref idref="fl-d2"/>
      </object_component>
      <object_component id="oc-245">
         <name>.debug_info</name>
         <load_address>0x79b0</load_address>
         <run_address>0x79b0</run_address>
         <size>0x39</size>
         <input_file_ref idref="fl-d2"/>
      </object_component>
      <object_component id="oc-290">
         <name>.debug_info</name>
         <load_address>0x79e9</load_address>
         <run_address>0x79e9</run_address>
         <size>0x39</size>
         <input_file_ref idref="fl-d2"/>
      </object_component>
      <object_component id="oc-24a">
         <name>.debug_info</name>
         <load_address>0x7a22</load_address>
         <run_address>0x7a22</run_address>
         <size>0xcd</size>
         <input_file_ref idref="fl-d2"/>
      </object_component>
      <object_component id="oc-241">
         <name>.debug_info</name>
         <load_address>0x7aef</load_address>
         <run_address>0x7aef</run_address>
         <size>0x1e0</size>
         <input_file_ref idref="fl-d3"/>
      </object_component>
      <object_component id="oc-1c1">
         <name>.debug_info</name>
         <load_address>0x7ccf</load_address>
         <run_address>0x7ccf</run_address>
         <size>0x183</size>
         <input_file_ref idref="fl-d3"/>
      </object_component>
      <object_component id="oc-28b">
         <name>.debug_info</name>
         <load_address>0x7e52</load_address>
         <run_address>0x7e52</run_address>
         <size>0x2c</size>
         <input_file_ref idref="fl-d3"/>
      </object_component>
      <object_component id="oc-26b">
         <name>.debug_info</name>
         <load_address>0x7e7e</load_address>
         <run_address>0x7e7e</run_address>
         <size>0xde</size>
         <input_file_ref idref="fl-d4"/>
      </object_component>
      <object_component id="oc-220">
         <name>.debug_info</name>
         <load_address>0x7f5c</load_address>
         <run_address>0x7f5c</run_address>
         <size>0x31c</size>
         <input_file_ref idref="fl-d4"/>
      </object_component>
      <object_component id="oc-27c">
         <name>.debug_info</name>
         <load_address>0x8278</load_address>
         <run_address>0x8278</run_address>
         <size>0x200</size>
         <input_file_ref idref="fl-d5"/>
      </object_component>
      <object_component id="oc-279">
         <name>.debug_info</name>
         <load_address>0x8478</load_address>
         <run_address>0x8478</run_address>
         <size>0x12f</size>
         <input_file_ref idref="fl-d5"/>
      </object_component>
      <object_component id="oc-225">
         <name>.debug_info</name>
         <load_address>0x85a7</load_address>
         <run_address>0x85a7</run_address>
         <size>0x724</size>
         <input_file_ref idref="fl-d5"/>
      </object_component>
      <object_component id="oc-27e">
         <name>.debug_info</name>
         <load_address>0x8ccb</load_address>
         <run_address>0x8ccb</run_address>
         <size>0x2c</size>
         <input_file_ref idref="fl-d5"/>
      </object_component>
      <object_component id="oc-284">
         <name>.debug_info</name>
         <load_address>0x8cf7</load_address>
         <run_address>0x8cf7</run_address>
         <size>0xe3</size>
         <input_file_ref idref="fl-d6"/>
      </object_component>
      <object_component id="oc-22b">
         <name>.debug_info</name>
         <load_address>0x8dda</load_address>
         <run_address>0x8dda</run_address>
         <size>0x375</size>
         <input_file_ref idref="fl-d6"/>
      </object_component>
      <object_component id="oc-2a6">
         <name>.debug_info</name>
         <load_address>0x914f</load_address>
         <run_address>0x914f</run_address>
         <size>0x134</size>
         <input_file_ref idref="fl-d7"/>
      </object_component>
      <object_component id="oc-273">
         <name>.debug_info</name>
         <load_address>0x9283</load_address>
         <run_address>0x9283</run_address>
         <size>0x21f</size>
         <input_file_ref idref="fl-d7"/>
      </object_component>
      <object_component id="oc-2a4">
         <name>.debug_info</name>
         <load_address>0x94a2</load_address>
         <run_address>0x94a2</run_address>
         <size>0x17c</size>
         <input_file_ref idref="fl-d8"/>
      </object_component>
      <object_component id="oc-26d">
         <name>.debug_info</name>
         <load_address>0x961e</load_address>
         <run_address>0x961e</run_address>
         <size>0x1d5</size>
         <input_file_ref idref="fl-d8"/>
      </object_component>
      <object_component id="oc-1c8">
         <name>.debug_info</name>
         <load_address>0x97f3</load_address>
         <run_address>0x97f3</run_address>
         <size>0x145</size>
         <input_file_ref idref="fl-d9"/>
      </object_component>
      <object_component id="oc-2a1">
         <name>.debug_info</name>
         <load_address>0x9938</load_address>
         <run_address>0x9938</run_address>
         <size>0xf3</size>
         <input_file_ref idref="fl-da"/>
      </object_component>
      <object_component id="oc-29b">
         <name>.debug_info</name>
         <load_address>0x9a2b</load_address>
         <run_address>0x9a2b</run_address>
         <size>0x156</size>
         <input_file_ref idref="fl-db"/>
      </object_component>
      <object_component id="oc-1e2">
         <name>.debug_info</name>
         <load_address>0x9b81</load_address>
         <run_address>0x9b81</run_address>
         <size>0x118</size>
         <input_file_ref idref="fl-dc"/>
      </object_component>
      <object_component id="oc-a0">
         <name>.debug_info</name>
         <load_address>0x9c99</load_address>
         <run_address>0x9c99</run_address>
         <size>0xdc</size>
         <input_file_ref idref="fl-dc"/>
      </object_component>
      <object_component id="oc-a4">
         <name>.debug_info</name>
         <load_address>0x9d75</load_address>
         <run_address>0x9d75</run_address>
         <size>0x130</size>
         <input_file_ref idref="fl-dc"/>
      </object_component>
      <object_component id="oc-12a">
         <name>.debug_info</name>
         <load_address>0x9ea5</load_address>
         <run_address>0x9ea5</run_address>
         <size>0x104</size>
         <input_file_ref idref="fl-dc"/>
      </object_component>
      <object_component id="oc-ae">
         <name>.debug_info</name>
         <load_address>0x9fa9</load_address>
         <run_address>0x9fa9</run_address>
         <size>0xfc</size>
         <input_file_ref idref="fl-dc"/>
      </object_component>
      <object_component id="oc-a9">
         <name>.debug_info</name>
         <load_address>0xa0a5</load_address>
         <run_address>0xa0a5</run_address>
         <size>0x100</size>
         <input_file_ref idref="fl-dc"/>
      </object_component>
      <object_component id="oc-e5">
         <name>.debug_info</name>
         <load_address>0xa1a5</load_address>
         <run_address>0xa1a5</run_address>
         <size>0xf8</size>
         <input_file_ref idref="fl-dc"/>
      </object_component>
      <object_component id="oc-b3">
         <name>.debug_info</name>
         <load_address>0xa29d</load_address>
         <run_address>0xa29d</run_address>
         <size>0xf8</size>
         <input_file_ref idref="fl-dc"/>
      </object_component>
      <object_component id="oc-91">
         <name>.debug_info</name>
         <load_address>0xa395</load_address>
         <run_address>0xa395</run_address>
         <size>0xf8</size>
         <input_file_ref idref="fl-dc"/>
      </object_component>
      <object_component id="oc-8c">
         <name>.debug_info</name>
         <load_address>0xa48d</load_address>
         <run_address>0xa48d</run_address>
         <size>0x110</size>
         <input_file_ref idref="fl-dc"/>
      </object_component>
      <object_component id="oc-1dd">
         <name>.debug_info</name>
         <load_address>0xa59d</load_address>
         <run_address>0xa59d</run_address>
         <size>0x300</size>
         <input_file_ref idref="fl-dc"/>
      </object_component>
      <object_component id="oc-1ed">
         <name>.debug_info</name>
         <load_address>0xa89d</load_address>
         <run_address>0xa89d</run_address>
         <size>0x204</size>
         <input_file_ref idref="fl-dc"/>
      </object_component>
      <object_component id="oc-208">
         <name>.debug_info</name>
         <load_address>0xaaa1</load_address>
         <run_address>0xaaa1</run_address>
         <size>0x170</size>
         <input_file_ref idref="fl-dd"/>
      </object_component>
      <object_component id="oc-117">
         <name>.debug_info</name>
         <load_address>0xac11</load_address>
         <run_address>0xac11</run_address>
         <size>0xfc</size>
         <input_file_ref idref="fl-dd"/>
      </object_component>
      <object_component id="oc-10d">
         <name>.debug_info</name>
         <load_address>0xad0d</load_address>
         <run_address>0xad0d</run_address>
         <size>0xec</size>
         <input_file_ref idref="fl-dd"/>
      </object_component>
      <object_component id="oc-267">
         <name>.debug_info</name>
         <load_address>0xadf9</load_address>
         <run_address>0xadf9</run_address>
         <size>0x10c</size>
         <input_file_ref idref="fl-dd"/>
      </object_component>
      <object_component id="oc-ea">
         <name>.debug_info</name>
         <load_address>0xaf05</load_address>
         <run_address>0xaf05</run_address>
         <size>0x108</size>
         <input_file_ref idref="fl-de"/>
      </object_component>
      <object_component id="oc-ef">
         <name>.debug_info</name>
         <load_address>0xb00d</load_address>
         <run_address>0xb00d</run_address>
         <size>0x108</size>
         <input_file_ref idref="fl-de"/>
      </object_component>
      <object_component id="oc-fe">
         <name>.debug_info</name>
         <load_address>0xb115</load_address>
         <run_address>0xb115</run_address>
         <size>0xf4</size>
         <input_file_ref idref="fl-de"/>
      </object_component>
      <object_component id="oc-f4">
         <name>.debug_info</name>
         <load_address>0xb209</load_address>
         <run_address>0xb209</run_address>
         <size>0x12c</size>
         <input_file_ref idref="fl-de"/>
      </object_component>
      <object_component id="oc-f9">
         <name>.debug_info</name>
         <load_address>0xb335</load_address>
         <run_address>0xb335</run_address>
         <size>0x114</size>
         <input_file_ref idref="fl-de"/>
      </object_component>
      <object_component id="oc-d6">
         <name>.debug_info</name>
         <load_address>0xb449</load_address>
         <run_address>0xb449</run_address>
         <size>0xe0</size>
         <input_file_ref idref="fl-df"/>
      </object_component>
      <object_component id="oc-b8">
         <name>.debug_info</name>
         <load_address>0xb529</load_address>
         <run_address>0xb529</run_address>
         <size>0xe4</size>
         <input_file_ref idref="fl-df"/>
      </object_component>
      <object_component id="oc-c2">
         <name>.debug_info</name>
         <load_address>0xb60d</load_address>
         <run_address>0xb60d</run_address>
         <size>0x110</size>
         <input_file_ref idref="fl-df"/>
      </object_component>
      <object_component id="oc-181">
         <name>.debug_info</name>
         <load_address>0xb71d</load_address>
         <run_address>0xb71d</run_address>
         <size>0x100</size>
         <input_file_ref idref="fl-df"/>
      </object_component>
      <object_component id="oc-db">
         <name>.debug_info</name>
         <load_address>0xb81d</load_address>
         <run_address>0xb81d</run_address>
         <size>0xfc</size>
         <input_file_ref idref="fl-df"/>
      </object_component>
      <object_component id="oc-d1">
         <name>.debug_info</name>
         <load_address>0xb919</load_address>
         <run_address>0xb919</run_address>
         <size>0xec</size>
         <input_file_ref idref="fl-df"/>
      </object_component>
      <object_component id="oc-c7">
         <name>.debug_info</name>
         <load_address>0xba05</load_address>
         <run_address>0xba05</run_address>
         <size>0xec</size>
         <input_file_ref idref="fl-df"/>
      </object_component>
      <object_component id="oc-cc">
         <name>.debug_info</name>
         <load_address>0xbaf1</load_address>
         <run_address>0xbaf1</run_address>
         <size>0x110</size>
         <input_file_ref idref="fl-df"/>
      </object_component>
      <object_component id="oc-186">
         <name>.debug_info</name>
         <load_address>0xbc01</load_address>
         <run_address>0xbc01</run_address>
         <size>0x100</size>
         <input_file_ref idref="fl-df"/>
      </object_component>
      <object_component id="oc-bd">
         <name>.debug_info</name>
         <load_address>0xbd01</load_address>
         <run_address>0xbd01</run_address>
         <size>0xfc</size>
         <input_file_ref idref="fl-df"/>
      </object_component>
      <object_component id="oc-120">
         <name>.debug_info</name>
         <load_address>0xbdfd</load_address>
         <run_address>0xbdfd</run_address>
         <size>0xcc</size>
         <input_file_ref idref="fl-e0"/>
      </object_component>
      <object_component id="oc-1e6">
         <name>.debug_info</name>
         <load_address>0xbec9</load_address>
         <run_address>0xbec9</run_address>
         <size>0x120</size>
         <input_file_ref idref="fl-e0"/>
      </object_component>
      <object_component id="oc-87">
         <name>.debug_info</name>
         <load_address>0xbfe9</load_address>
         <run_address>0xbfe9</run_address>
         <size>0xf8</size>
         <input_file_ref idref="fl-e0"/>
      </object_component>
      <object_component id="oc-82">
         <name>.debug_info</name>
         <load_address>0xc0e1</load_address>
         <run_address>0xc0e1</run_address>
         <size>0x118</size>
         <input_file_ref idref="fl-e0"/>
      </object_component>
      <object_component id="oc-96">
         <name>.debug_info</name>
         <load_address>0xc1f9</load_address>
         <run_address>0xc1f9</run_address>
         <size>0x150</size>
         <input_file_ref idref="fl-e0"/>
      </object_component>
      <object_component id="oc-e0">
         <name>.debug_info</name>
         <load_address>0xc349</load_address>
         <run_address>0xc349</run_address>
         <size>0xf0</size>
         <input_file_ref idref="fl-e0"/>
      </object_component>
      <object_component id="oc-264">
         <name>.debug_info</name>
         <load_address>0xc439</load_address>
         <run_address>0xc439</run_address>
         <size>0x230</size>
         <input_file_ref idref="fl-e0"/>
      </object_component>
      <object_component id="oc-11c">
         <name>.debug_info</name>
         <load_address>0xc669</load_address>
         <run_address>0xc669</run_address>
         <size>0xf8</size>
         <input_file_ref idref="fl-e1"/>
      </object_component>
      <object_component id="oc-103">
         <name>.debug_info</name>
         <load_address>0xc761</load_address>
         <run_address>0xc761</run_address>
         <size>0xfc</size>
         <input_file_ref idref="fl-e1"/>
      </object_component>
      <object_component id="oc-108">
         <name>.debug_info</name>
         <load_address>0xc85d</load_address>
         <run_address>0xc85d</run_address>
         <size>0x108</size>
         <input_file_ref idref="fl-e1"/>
      </object_component>
      <object_component id="oc-112">
         <name>.debug_info</name>
         <load_address>0xc965</load_address>
         <run_address>0xc965</run_address>
         <size>0xfc</size>
         <input_file_ref idref="fl-e1"/>
      </object_component>
      <object_component id="oc-17c">
         <name>.debug_info</name>
         <load_address>0xca61</load_address>
         <run_address>0xca61</run_address>
         <size>0xfc</size>
         <input_file_ref idref="fl-e1"/>
      </object_component>
      <object_component id="oc-9b">
         <name>.debug_info</name>
         <load_address>0xcb5d</load_address>
         <run_address>0xcb5d</run_address>
         <size>0x164</size>
         <input_file_ref idref="fl-e2"/>
      </object_component>
      <object_component id="oc-177">
         <name>.debug_info</name>
         <load_address>0xccc1</load_address>
         <run_address>0xccc1</run_address>
         <size>0xfc</size>
         <input_file_ref idref="fl-e2"/>
      </object_component>
      <object_component id="oc-125">
         <name>.debug_info</name>
         <load_address>0xcdbd</load_address>
         <run_address>0xcdbd</run_address>
         <size>0x104</size>
         <input_file_ref idref="fl-e2"/>
      </object_component>
      <object_component id="oc-1e9">
         <name>.debug_info</name>
         <load_address>0xcec1</load_address>
         <run_address>0xcec1</run_address>
         <size>0x204</size>
         <input_file_ref idref="fl-e2"/>
      </object_component>
      <object_component id="oc-20c">
         <name>.debug_info</name>
         <load_address>0xd0c5</load_address>
         <run_address>0xd0c5</run_address>
         <size>0x128</size>
         <input_file_ref idref="fl-e3"/>
      </object_component>
      <object_component id="oc-354">
         <name>.debug_info</name>
         <load_address>0xd1ed</load_address>
         <run_address>0xd1ed</run_address>
         <size>0xb61</size>
      </object_component>
      <object_component id="oc-215">
         <name>.debug_line</name>
         <load_address>0x0</load_address>
         <run_address>0x0</run_address>
         <size>0x1f4</size>
         <input_file_ref idref="fl-2"/>
      </object_component>
      <object_component id="oc-217">
         <name>.debug_line</name>
         <load_address>0x1f4</load_address>
         <run_address>0x1f4</run_address>
         <size>0x31</size>
         <input_file_ref idref="fl-2"/>
      </object_component>
      <object_component id="oc-35">
         <name>.debug_line</name>
         <load_address>0x225</load_address>
         <run_address>0x225</run_address>
         <size>0x631</size>
         <input_file_ref idref="fl-2"/>
      </object_component>
      <object_component id="oc-1a4">
         <name>.debug_line</name>
         <load_address>0x856</load_address>
         <run_address>0x856</run_address>
         <size>0x20</size>
         <input_file_ref idref="fl-2"/>
      </object_component>
      <object_component id="oc-19f">
         <name>.debug_line</name>
         <load_address>0x876</load_address>
         <run_address>0x876</run_address>
         <size>0x65</size>
         <input_file_ref idref="fl-2"/>
      </object_component>
      <object_component id="oc-1a7">
         <name>.debug_line</name>
         <load_address>0x8db</load_address>
         <run_address>0x8db</run_address>
         <size>0x41</size>
         <input_file_ref idref="fl-3"/>
      </object_component>
      <object_component id="oc-38">
         <name>.debug_line</name>
         <load_address>0x91c</load_address>
         <run_address>0x91c</run_address>
         <size>0x41</size>
         <input_file_ref idref="fl-3"/>
      </object_component>
      <object_component id="oc-2f">
         <name>.debug_line</name>
         <load_address>0x95d</load_address>
         <run_address>0x95d</run_address>
         <size>0xa1</size>
         <input_file_ref idref="fl-3"/>
      </object_component>
      <object_component id="oc-43">
         <name>.debug_line</name>
         <load_address>0x9fe</load_address>
         <run_address>0x9fe</run_address>
         <size>0x20</size>
         <input_file_ref idref="fl-3"/>
      </object_component>
      <object_component id="oc-25">
         <name>.debug_line</name>
         <load_address>0xa1e</load_address>
         <run_address>0xa1e</run_address>
         <size>0x53</size>
         <input_file_ref idref="fl-be"/>
      </object_component>
      <object_component id="oc-23f">
         <name>.debug_line</name>
         <load_address>0xa71</load_address>
         <run_address>0xa71</run_address>
         <size>0x20</size>
         <input_file_ref idref="fl-bf"/>
      </object_component>
      <object_component id="oc-16">
         <name>.debug_line</name>
         <load_address>0xa91</load_address>
         <run_address>0xa91</run_address>
         <size>0xa9</size>
         <input_file_ref idref="fl-bf"/>
      </object_component>
      <object_component id="oc-3e">
         <name>.debug_line</name>
         <load_address>0xb3a</load_address>
         <run_address>0xb3a</run_address>
         <size>0x3a</size>
         <input_file_ref idref="fl-bf"/>
      </object_component>
      <object_component id="oc-1ab">
         <name>.debug_line</name>
         <load_address>0xb74</load_address>
         <run_address>0xb74</run_address>
         <size>0x8a</size>
         <input_file_ref idref="fl-bf"/>
      </object_component>
      <object_component id="oc-1b5">
         <name>.debug_line</name>
         <load_address>0xbfe</load_address>
         <run_address>0xbfe</run_address>
         <size>0x8a</size>
         <input_file_ref idref="fl-c0"/>
      </object_component>
      <object_component id="oc-1c">
         <name>.debug_line</name>
         <load_address>0xc88</load_address>
         <run_address>0xc88</run_address>
         <size>0x55</size>
         <input_file_ref idref="fl-c0"/>
      </object_component>
      <object_component id="oc-4e">
         <name>.debug_line</name>
         <load_address>0xcdd</load_address>
         <run_address>0xcdd</run_address>
         <size>0x3a</size>
         <input_file_ref idref="fl-c0"/>
      </object_component>
      <object_component id="oc-1b2">
         <name>.debug_line</name>
         <load_address>0xd17</load_address>
         <run_address>0xd17</run_address>
         <size>0x8a</size>
         <input_file_ref idref="fl-c0"/>
      </object_component>
      <object_component id="oc-1bd">
         <name>.debug_line</name>
         <load_address>0xda1</load_address>
         <run_address>0xda1</run_address>
         <size>0x8a</size>
         <input_file_ref idref="fl-c1"/>
      </object_component>
      <object_component id="oc-22">
         <name>.debug_line</name>
         <load_address>0xe2b</load_address>
         <run_address>0xe2b</run_address>
         <size>0x4f</size>
         <input_file_ref idref="fl-c1"/>
      </object_component>
      <object_component id="oc-5a">
         <name>.debug_line</name>
         <load_address>0xe7a</load_address>
         <run_address>0xe7a</run_address>
         <size>0x34</size>
         <input_file_ref idref="fl-c1"/>
      </object_component>
      <object_component id="oc-1ba">
         <name>.debug_line</name>
         <load_address>0xeae</load_address>
         <run_address>0xeae</run_address>
         <size>0x8a</size>
         <input_file_ref idref="fl-c1"/>
      </object_component>
      <object_component id="oc-263">
         <name>.debug_line</name>
         <load_address>0xf38</load_address>
         <run_address>0xf38</run_address>
         <size>0xf2</size>
         <input_file_ref idref="fl-c2"/>
      </object_component>
      <object_component id="oc-257">
         <name>.debug_line</name>
         <load_address>0x102a</load_address>
         <run_address>0x102a</run_address>
         <size>0x2a</size>
         <input_file_ref idref="fl-c2"/>
      </object_component>
      <object_component id="oc-79">
         <name>.debug_line</name>
         <load_address>0x1054</load_address>
         <run_address>0x1054</run_address>
         <size>0x86</size>
         <input_file_ref idref="fl-c2"/>
      </object_component>
      <object_component id="oc-14c">
         <name>.debug_line</name>
         <load_address>0x10da</load_address>
         <run_address>0x10da</run_address>
         <size>0xd2</size>
         <input_file_ref idref="fl-c3"/>
      </object_component>
      <object_component id="oc-13d">
         <name>.debug_line</name>
         <load_address>0x11ac</load_address>
         <run_address>0x11ac</run_address>
         <size>0x77</size>
         <input_file_ref idref="fl-c4"/>
      </object_component>
      <object_component id="oc-156">
         <name>.debug_line</name>
         <load_address>0x1223</load_address>
         <run_address>0x1223</run_address>
         <size>0x77</size>
         <input_file_ref idref="fl-c4"/>
      </object_component>
      <object_component id="oc-151">
         <name>.debug_line</name>
         <load_address>0x129a</load_address>
         <run_address>0x129a</run_address>
         <size>0xa8</size>
         <input_file_ref idref="fl-c5"/>
      </object_component>
      <object_component id="oc-147">
         <name>.debug_line</name>
         <load_address>0x1342</load_address>
         <run_address>0x1342</run_address>
         <size>0x8e</size>
         <input_file_ref idref="fl-c6"/>
      </object_component>
      <object_component id="oc-16f">
         <name>.debug_line</name>
         <load_address>0x13d0</load_address>
         <run_address>0x13d0</run_address>
         <size>0x5a</size>
         <input_file_ref idref="fl-c7"/>
      </object_component>
      <object_component id="oc-142">
         <name>.debug_line</name>
         <load_address>0x142a</load_address>
         <run_address>0x142a</run_address>
         <size>0x50</size>
         <input_file_ref idref="fl-c8"/>
      </object_component>
      <object_component id="oc-49">
         <name>.debug_line</name>
         <load_address>0x147a</load_address>
         <run_address>0x147a</run_address>
         <size>0x88</size>
         <input_file_ref idref="fl-c9"/>
      </object_component>
      <object_component id="oc-55">
         <name>.debug_line</name>
         <load_address>0x1502</load_address>
         <run_address>0x1502</run_address>
         <size>0x79</size>
         <input_file_ref idref="fl-ca"/>
      </object_component>
      <object_component id="oc-61">
         <name>.debug_line</name>
         <load_address>0x157b</load_address>
         <run_address>0x157b</run_address>
         <size>0x3d</size>
         <input_file_ref idref="fl-cb"/>
      </object_component>
      <object_component id="oc-67">
         <name>.debug_line</name>
         <load_address>0x15b8</load_address>
         <run_address>0x15b8</run_address>
         <size>0x40</size>
         <input_file_ref idref="fl-cc"/>
      </object_component>
      <object_component id="oc-286">
         <name>.debug_line</name>
         <load_address>0x15f8</load_address>
         <run_address>0x15f8</run_address>
         <size>0x32</size>
         <input_file_ref idref="fl-cd"/>
      </object_component>
      <object_component id="oc-15f">
         <name>.debug_line</name>
         <load_address>0x162a</load_address>
         <run_address>0x162a</run_address>
         <size>0x215</size>
         <input_file_ref idref="fl-cd"/>
      </object_component>
      <object_component id="oc-235">
         <name>.debug_line</name>
         <load_address>0x183f</load_address>
         <run_address>0x183f</run_address>
         <size>0x8a</size>
         <input_file_ref idref="fl-cd"/>
      </object_component>
      <object_component id="oc-288">
         <name>.debug_line</name>
         <load_address>0x18c9</load_address>
         <run_address>0x18c9</run_address>
         <size>0x32</size>
         <input_file_ref idref="fl-ce"/>
      </object_component>
      <object_component id="oc-167">
         <name>.debug_line</name>
         <load_address>0x18fb</load_address>
         <run_address>0x18fb</run_address>
         <size>0x201</size>
         <input_file_ref idref="fl-ce"/>
      </object_component>
[...]
      </symbol>
      <symbol id="sm-19d">
         <name>GRID</name>
         <value>0x200005f8</value>
         <object_component_ref idref="oc-133"/>
      </symbol>
      <symbol id="sm-19e">
         <name>print</name>
         <value>0x54d</value>
         <object_component_ref idref="oc-31"/>
      </symbol>
      <symbol id="sm-19f">
         <name>initSystem</name>
         <value>0x26d</value>
         <object_component_ref idref="oc-31"/>
      </symbol>
      <symbol id="sm-1a0">
         <name>initQEI</name>
         <value>0x351</value>
         <object_component_ref idref="oc-31"/>
      </symbol>
      <symbol id="sm-1a1">
         <name>forward_dist_nav</name>
         <value>0xbdd</value>
         <object_component_ref idref="oc-31"/>
      </symbol>
      <symbol id="sm-1a2">
         <name>backward</name>
         <value>0x8d9</value>
         <object_component_ref idref="oc-31"/>
      </symbol>
      <symbol id="sm-1a3">
         <name>rotate_right_nav</name>
         <value>0xad3</value>
         <object_component_ref idref="oc-31"/>
      </symbol>
      <symbol id="sm-1a4">
         <name>delayms</name>
         <value>0x975</value>
         <object_component_ref idref="oc-31"/>
      </symbol>
      <symbol id="sm-1a5">
         <name>main</name>
         <value>0xe51</value>
         <object_component_ref idref="oc-31"/>
      </symbol>
      <symbol id="sm-1a6">
         <name>chkpos</name>
         <value>0x20000604</value>
         <object_component_ref idref="oc-133"/>
      </symbol>
      <symbol id="sm-1a7">
         <name>putint</name>
         <value>0x58d</value>
         <object_component_ref idref="oc-31"/>
      </symbol>
      <symbol id="sm-1a8">
         <name>delayMS</name>
         <value>0x531</value>
         <object_component_ref idref="oc-31"/>
      </symbol>
      <symbol id="sm-1a9">
         <name>print1</name>
         <value>0x56d</value>
         <object_component_ref idref="oc-31"/>
      </symbol>
      <symbol id="sm-1aa">
         <name>rotate_right</name>
         <value>0x93d</value>
         <object_component_ref idref="oc-31"/>
      </symbol>
      <symbol id="sm-1ab">
         <name>forward_dist</name>
         <value>0x999</value>
         <object_component_ref idref="oc-31"/>
      </symbol>
      <symbol id="sm-1ac">
         <name>fb_check_position</name>
         <value>0x6ad</value>
         <object_component_ref idref="oc-31"/>
      </symbol>
      <symbol id="sm-1ad">
         <name>rotate_left_nav</name>
         <value>0x9e1</value>
         <object_component_ref idref="oc-31"/>
      </symbol>
      <symbol id="sm-1ae">
         <name>rotate_left</name>
         <value>0x90b</value>
         <object_component_ref idref="oc-31"/>
      </symbol>
      <symbol id="sm-1af">
         <name>Timer0IntHandler</name>
         <value>0x13dd</value>
         <object_component_ref idref="oc-31"/>
      </symbol>
      <symbol id="sm-1d0">
         <name>ResetISR</name>
         <value>0x384f</value>
         <object_component_ref idref="oc-2b"/>
      </symbol>
      <symbol id="sm-1d1">
         <name>g_pfnVectors</name>
         <value>0x0</value>
         <object_component_ref idref="oc-f"/>
      </symbol>
      <symbol id="sm-1e2">
         <name>_c_int00</name>
         <value>0x3689</value>
         <object_component_ref idref="oc-24"/>
      </symbol>
      <symbol id="sm-1e3">
         <name>__stack</name>
         <value>0x200003f8</value>
         <object_component_ref idref="oc-2a"/>
      </symbol>
      <symbol id="sm-201">
         <name>__TI_decompress_lzss</name>
         <value>0x3621</value>
         <object_component_ref idref="oc-12"/>
      </symbol>
      <symbol id="sm-218">
         <name>__TI_decompress_none</name>
         <value>0x3835</value>
         <object_component_ref idref="oc-18"/>
      </symbol>
      <symbol id="sm-22f">
         <name>__TI_zero_init</name>
         <value>0x3843</value>
         <object_component_ref idref="oc-1e"/>
      </symbol>
      <symbol id="sm-250">
         <name>C$$EXIT</name>
         <value>0x36dd</value>
         <object_component_ref idref="oc-75"/>
      </symbol>
      <symbol id="sm-251">
         <name>abort</name>
         <value>0x36e1</value>
         <object_component_ref idref="oc-75"/>
      </symbol>
      <symbol id="sm-252">
         <name>exit</name>
         <value>0x36e9</value>
         <object_component_ref idref="oc-75"/>
      </symbol>
      <symbol id="sm-253">
         <name>__TI_dtors_ptr</name>
         <value>0x2000060c</value>
         <object_component_ref idref="oc-1d0"/>
      </symbol>
      <symbol id="sm-254">
         <name>__TI_cleanup_ptr</name>
         <value>0x20000608</value>
         <object_component_ref idref="oc-1d0"/>
      </symbol>
      <symbol id="sm-255">
         <name>__TI_enable_exit_profile_output</name>
         <value>0x20000610</value>
         <object_component_ref idref="oc-1d0"/>
      </symbol>
      <symbol id="sm-26c">
         <name>__aeabi_dsub</name>
         <value>0x2acd</value>
         <object_component_ref idref="oc-148"/>
      </symbol>
      <symbol id="sm-26d">
         <name>__aeabi_dadd</name>
         <value>0x2ad7</value>
         <object_component_ref idref="oc-148"/>
      </symbol>
      <symbol id="sm-28f">
         <name>__aeabi_cdcmpeq</name>
         <value>0x3429</value>
         <object_component_ref idref="oc-139"/>
      </symbol>
      <symbol id="sm-290">
         <name>__aeabi_cdcmple</name>
         <value>0x3429</value>
         <object_component_ref idref="oc-139"/>
      </symbol>
      <symbol id="sm-291">
         <name>__aeabi_cdrcmple</name>
         <value>0x34af</value>
         <object_component_ref idref="oc-152"/>
      </symbol>
      <symbol id="sm-2a5">
         <name>__aeabi_ddiv</name>
         <value>0x2f65</value>
         <object_component_ref idref="oc-14d"/>
      </symbol>
      <symbol id="sm-2b0">
         <name>__aeabi_dmul</name>
         <value>0x309b</value>
         <object_component_ref idref="oc-143"/>
      </symbol>
      <symbol id="sm-2ba">
         <name>__aeabi_d2iz</name>
         <value>0x377d</value>
         <object_component_ref idref="oc-16b"/>
      </symbol>
      <symbol id="sm-2c4">
         <name>__aeabi_i2d</name>
         <value>0x37c5</value>
         <object_component_ref idref="oc-13e"/>
      </symbol>
      <symbol id="sm-2df">
         <name>memcpy</name>
         <value>0x338d</value>
         <object_component_ref idref="oc-45"/>
      </symbol>
      <symbol id="sm-2e0">
         <name>__aeabi_memcpy</name>
         <value>0x338d</value>
         <object_component_ref idref="oc-45"/>
      </symbol>
      <symbol id="sm-2e1">
         <name>__aeabi_memcpy8</name>
         <value>0x338d</value>
         <object_component_ref idref="oc-45"/>
      </symbol>
      <symbol id="sm-2e2">
         <name>__aeabi_memcpy4</name>
         <value>0x338d</value>
         <object_component_ref idref="oc-45"/>
      </symbol>
      <symbol id="sm-2f1">
         <name>__aeabi_memset</name>
         <value>0x3537</value>
         <object_component_ref idref="oc-51"/>
      </symbol>
      <symbol id="sm-2f2">
         <name>memset</name>
         <value>0x353d</value>
         <object_component_ref idref="oc-51"/>
      </symbol>
      <symbol id="sm-2f3">
         <name>__aeabi_memset8</name>
         <value>0x3537</value>
         <object_component_ref idref="oc-51"/>
      </symbol>
      <symbol id="sm-2f4">
         <name>__aeabi_memset4</name>
         <value>0x3537</value>
         <object_component_ref idref="oc-51"/>
      </symbol>
      <symbol id="sm-2f5">
         <name>__aeabi_memclr8</name>
         <value>0x3535</value>
         <object_component_ref idref="oc-51"/>
      </symbol>
      <symbol id="sm-2f6">
         <name>__aeabi_memclr4</name>
         <value>0x3535</value>
         <object_component_ref idref="oc-51"/>
      </symbol>
      <symbol id="sm-2f7">
         <name>__aeabi_memclr</name>
         <value>0x3535</value>
         <object_component_ref idref="oc-51"/>
      </symbol>
      <symbol id="sm-301">
         <name>__mpu_init</name>
         <value>0x2c83</value>
         <object_component_ref idref="oc-5d"/>
      </symbol>
      <symbol id="sm-30b">
         <name>_system_pre_init</name>
         <value>0x385b</value>
         <object_component_ref idref="oc-63"/>
      </symbol>
      <symbol id="sm-361">
         <name>cosl</name>
         <value>0x1f2d</value>
         <object_component_ref idref="oc-15b"/>
      </symbol>
      <symbol id="sm-362">
         <name>cos</name>
         <value>0x1f2d</value>
         <object_component_ref idref="oc-15b"/>
      </symbol>
      <symbol id="sm-3ae">
         <name>sin</name>
         <value>0x2509</value>
         <object_component_ref idref="oc-163"/>
      </symbol>
      <symbol id="sm-3af">
         <name>sinl</name>
         <value>0x2509</value>
         <object_component_ref idref="oc-163"/>
      </symbol>
      <symbol id="sm-3b7">
         <name>main_func_sp</name>
         <value>0x20000620</value>
         <object_component_ref idref="oc-7b"/>
      </symbol>
      <symbol id="sm-3d0">
         <name>_nop</name>
         <value>0x381b</value>
         <object_component_ref idref="oc-258"/>
      </symbol>
      <symbol id="sm-3d1">
         <name>_lock</name>
         <value>0x20000614</value>
         <object_component_ref idref="oc-1d3"/>
      </symbol>
      <symbol id="sm-3d2">
         <name>_unlock</name>
         <value>0x20000618</value>
         <object_component_ref idref="oc-1d3"/>
      </symbol>
      <symbol id="sm-3d3">
         <name>_register_lock</name>
         <value>0x3813</value>
         <object_component_ref idref="oc-258"/>
      </symbol>
      <symbol id="sm-3d4">
         <name>_register_unlock</name>
         <value>0x380d</value>
         <object_component_ref idref="oc-258"/>
      </symbol>
      <symbol id="sm-3e8">
         <name>_args_main</name>
         <value>0x37f5</value>
         <object_component_ref idref="oc-6f"/>
      </symbol>
      <symbol id="sm-412">
         <name>__TI_auto_init</name>
         <value>0x35b1</value>
         <object_component_ref idref="oc-69"/>
      </symbol>
      <symbol id="sm-42c">
         <name>copy_in</name>
         <value>0x3731</value>
         <object_component_ref idref="oc-1c0"/>
      </symbol>
      <symbol id="sm-442">
         <name>__kernel_cos</name>
         <value>0x2df9</value>
         <object_component_ref idref="oc-21e"/>
      </symbol>
      <symbol id="sm-4ab">
         <name>__kernel_rem_pio2</name>
         <value>0x17f5</value>
         <object_component_ref idref="oc-224"/>
      </symbol>
      <symbol id="sm-4c2">
         <name>__kernel_sin</name>
         <value>0x2c85</value>
         <object_component_ref idref="oc-22a"/>
      </symbol>
      <symbol id="sm-4df">
         <name>floorl</name>
         <value>0x3295</value>
         <object_component_ref idref="oc-272"/>
      </symbol>
      <symbol id="sm-4e0">
         <name>floor</name>
         <value>0x3295</value>
         <object_component_ref idref="oc-272"/>
      </symbol>
      <symbol id="sm-4fd">
         <name>scalbn</name>
         <value>0x3199</value>
         <object_component_ref idref="oc-26c"/>
      </symbol>
      <symbol id="sm-4fe">
         <name>scalbnl</name>
         <value>0x3199</value>
         <object_component_ref idref="oc-26c"/>
      </symbol>
      <symbol id="sm-4ff">
         <name>ldexpl</name>
         <value>0x3199</value>
         <object_component_ref idref="oc-26c"/>
      </symbol>
      <symbol id="sm-500">
         <name>ldexp</name>
         <value>0x3199</value>
         <object_component_ref idref="oc-26c"/>
      </symbol>
      <symbol id="sm-50a">
         <name>_system_post_cinit</name>
         <value>0x3197</value>
         <object_component_ref idref="oc-1c6"/>
      </symbol>
      <symbol id="sm-512">
         <name>errno</name>
         <value>0x2000061c</value>
         <object_component_ref idref="oc-2a0"/>
      </symbol>
      <symbol id="sm-51c">
         <name>copysign</name>
         <value>0x3821</value>
         <object_component_ref idref="oc-29a"/>
      </symbol>
      <symbol id="sm-51d">
         <name>copysignl</name>
         <value>0x3821</value>
         <object_component_ref idref="oc-29a"/>
      </symbol>
      <symbol id="sm-563">
         <name>GPIODirModeSet</name>
         <value>0x45d3</value>
         <object_component_ref idref="oc-9e"/>
      </symbol>
      <symbol id="sm-564">
         <name>GPIOPadConfigSet</name>
         <value>0x41cd</value>
         <object_component_ref idref="oc-a2"/>
      </symbol>
      <symbol id="sm-565">
         <name>GPIOPinConfigure</name>
         <value>0x4561</value>
         <object_component_ref idref="oc-8a"/>
      </symbol>
      <symbol id="sm-566">
         <name>GPIOPinTypeGPIOInput</name>
         <value>0x466b</value>
         <object_component_ref idref="oc-ac"/>
      </symbol>
      <symbol id="sm-567">
         <name>GPIOPinTypeGPIOOutput</name>
         <value>0x4687</value>
         <object_component_ref idref="oc-a7"/>
      </symbol>
      <symbol id="sm-568">
         <name>GPIOPinTypePWM</name>
         <value>0x46a3</value>
         <object_component_ref idref="oc-e3"/>
      </symbol>
      <symbol id="sm-569">
         <name>GPIOPinTypeQEI</name>
         <value>0x46bf</value>
         <object_component_ref idref="oc-b1"/>
      </symbol>
      <symbol id="sm-56a">
         <name>GPIOPinTypeUART</name>
         <value>0x46db</value>
         <object_component_ref idref="oc-8f"/>
      </symbol>
      <symbol id="sm-56b">
         <name>GPIOPinWrite</name>
         <value>0x47d7</value>
         <object_component_ref idref="oc-128"/>
      </symbol>
      <symbol id="sm-596">
         <name>IntEnable</name>
         <value>0x449d</value>
         <object_component_ref idref="oc-10b"/>
      </symbol>
      <symbol id="sm-597">
         <name>IntMasterEnable</name>
         <value>0x4751</value>
         <object_component_ref idref="oc-115"/>
      </symbol>
      <symbol id="sm-5c0">
         <name>PWMGenConfigure</name>
         <value>0x4625</value>
         <object_component_ref idref="oc-e8"/>
      </symbol>
      <symbol id="sm-5c1">
         <name>PWMGenEnable</name>
         <value>0x4793</value>
         <object_component_ref idref="oc-fc"/>
      </symbol>
      <symbol id="sm-5c2">
         <name>PWMGenPeriodSet</name>
         <value>0x470d</value>
         <object_component_ref idref="oc-ed"/>
      </symbol>
      <symbol id="sm-5c3">
         <name>PWMOutputState</name>
         <value>0x4731</value>
         <object_component_ref idref="oc-f7"/>
      </symbol>
      <symbol id="sm-5c4">
         <name>PWMPulseWidthSet</name>
         <value>0x464b</value>
         <object_component_ref idref="oc-f2"/>
      </symbol>
      <symbol id="sm-616">
         <name>QEIConfigure</name>
         <value>0x475f</value>
         <object_component_ref idref="oc-c0"/>
      </symbol>
      <symbol id="sm-617">
         <name>QEIDisable</name>
         <value>0x479d</value>
         <object_component_ref idref="oc-b6"/>
      </symbol>
      <symbol id="sm-618">
         <name>QEIEnable</name>
         <value>0x47a7</value>
         <object_component_ref idref="oc-d4"/>
      </symbol>
      <symbol id="sm-619">
         <name>QEIIntDisable</name>
         <value>0x47b1</value>
         <object_component_ref idref="oc-bb"/>
      </symbol>
      <symbol id="sm-61a">
         <name>QEIPositionGet</name>
         <value>0x47dd</value>
         <object_component_ref idref="oc-17f"/>
      </symbol>
      <symbol id="sm-61b">
         <name>QEIPositionSet</name>
         <value>0x47e1</value>
         <object_component_ref idref="oc-d9"/>
      </symbol>
      <symbol id="sm-61c">
         <name>QEIVelocityConfigure</name>
         <value>0x4741</value>
         <object_component_ref idref="oc-ca"/>
      </symbol>
      <symbol id="sm-61d">
         <name>QEIVelocityDisable</name>
         <value>0x47bb</value>
         <object_component_ref idref="oc-c5"/>
      </symbol>
      <symbol id="sm-61e">
         <name>QEIVelocityEnable</name>
         <value>0x47c5</value>
         <object_component_ref idref="oc-cf"/>
      </symbol>
      <symbol id="sm-61f">
         <name>QEIVelocityGet</name>
         <value>0x47e5</value>
         <object_component_ref idref="oc-184"/>
      </symbol>
      <symbol id="sm-66a">
         <name>SysCtlDelay</name>
         <value>0x45cd</value>
         <object_component_ref idref="oc-11f"/>
      </symbol>
      <symbol id="sm-66b">
         <name>SysCtlClockGet</name>
         <value>0x4079</value>
         <object_component_ref idref="oc-94"/>
      </symbol>
      <symbol id="sm-66c">
         <name>SysCtlClockSet</name>
         <value>0x4305</value>
         <object_component_ref idref="oc-80"/>
      </symbol>
      <symbol id="sm-66d">
         <name>SysCtlPWMClockSet</name>
         <value>0x46f9</value>
         <object_component_ref idref="oc-de"/>
      </symbol>
      <symbol id="sm-66e">
         <name>SysCtlPeripheralEnable</name>
         <value>0x45fd</value>
         <object_component_ref idref="oc-85"/>
      </symbol>
      <symbol id="sm-6a0">
         <name>TimerConfigure</name>
         <value>0x4501</value>
         <object_component_ref idref="oc-101"/>
      </symbol>
      <symbol id="sm-6a1">
         <name>TimerEnable</name>
         <value>0x476d</value>
         <object_component_ref idref="oc-11a"/>
      </symbol>
      <symbol id="sm-6a2">
         <name>TimerIntClear</name>
         <value>0x47e9</value>
         <object_component_ref idref="oc-17a"/>
      </symbol>
      <symbol id="sm-6a3">
         <name>TimerIntEnable</name>
         <value>0x47cf</value>
         <object_component_ref idref="oc-110"/>
      </symbol>
      <symbol id="sm-6a4">
         <name>TimerLoadSet</name>
         <value>0x471f</value>
         <object_component_ref idref="oc-106"/>
      </symbol>
      <symbol id="sm-6c5">
         <name>UARTCharGet</name>
         <value>0x477b</value>
         <object_component_ref idref="oc-175"/>
      </symbol>
      <symbol id="sm-6c6">
         <name>UARTCharPut</name>
         <value>0x4787</value>
         <object_component_ref idref="oc-123"/>
      </symbol>
      <symbol id="sm-6c7">
         <name>UARTConfigSetExpClk</name>
         <value>0x442d</value>
         <object_component_ref idref="oc-99"/>
      </symbol>
      <symbol id="sm-6d7">
         <name>CPUcpsid</name>
         <value>0x45a5</value>
         <object_component_ref idref="oc-20b"/>
      </symbol>
      <symbol id="sm-6d8">
         <name>CPUprimask</name>
         <value>0x45ad</value>
         <object_component_ref idref="oc-20b"/>
      </symbol>
      <symbol id="sm-6d9">
         <name>CPUcpsie</name>
         <value>0x45b3</value>
         <object_component_ref idref="oc-20b"/>
      </symbol>
      <symbol id="sm-6da">
         <name>CPUwfi</name>
         <value>0x45bb</value>
         <object_component_ref idref="oc-20b"/>
      </symbol>
      <symbol id="sm-6db">
         <name>CPUbasepriSet</name>
         <value>0x45bf</value>
         <object_component_ref idref="oc-20b"/>
      </symbol>
      <symbol id="sm-6dc">
         <name>CPUbasepriGet</name>
         <value>0x45c5</value>
         <object_component_ref idref="oc-20b"/>
      </symbol>
      <symbol id="sm-6dd">
         <name>__TI_static_base__</name>
         <value>0x0</value>
      </symbol>
      <symbol id="sm-6e2">
         <name>SHT$$INIT_ARRAY$$Limit</name>
         <value>0x0</value>
      </symbol>
      <symbol id="sm-6e3">
         <name>SHT$$INIT_ARRAY$$Base</name>
         <value>0x0</value>
      </symbol>
   </symbol_table>
   <title>Link successful</title>
</link_info>
